C251 COMPILER V5.60.0,  iic_oled                                                           17/08/24  10:34:33  PAGE 1   


C251 COMPILER V5.60.0, COMPILATION OF MODULE iic_oled
OBJECT MODULE PLACED IN .\Out_File\iic_oled.obj
COMPILER INVOKED BY: C:\Keil_v5\C251\BIN\C251.EXE ..\CODE\iic_oled.c XSMALL WARNINGLEVEL(3) OPTIMIZE(0,SPEED) BROWSE INC
                    -DIR(..\..\Libraries\libraries;..\..\Libraries\seekfree_libraries;..\..\Libraries\seekfree_peripheral;..\CODE;..\USER\inc
                    -;..\USER\src;..\..\Libraries\seekfree_components) DEBUG PRINT(.\Out_File\iic_oled.lst) OBJECT(.\Out_File\iic_oled.obj) 

stmt  level    source

    1          #include "SystemConfig.h"
    2          #include "iic_oled.h"
    3          #include "stdlib.h"
    4          // #include "oledfont.h"
    5          
    6          /**********************************************
    7          //IIC Start
    8          **********************************************/
    9          void IIC_Start()
   10          {
   11   1      
   12   1          OLED_SCLK_Set();
   13   1          OLED_SDIN_Set();
   14   1          OLED_SDIN_Clr();
   15   1          OLED_SCLK_Clr();
   16   1      }
   17          
   18          /**********************************************
   19          //IIC Stop
   20          **********************************************/
   21          void IIC_Stop()
   22          {
   23   1          OLED_SCLK_Set();
   24   1          //  OLED_SCLK_Clr();
   25   1          OLED_SDIN_Clr();
   26   1          OLED_SDIN_Set();
   27   1      }
   28          
   29          void IIC_Wait_Ack()
   30          {
   31   1      
   32   1          // GPIOB->CRH &= 0XFFF0FFFF;        //????PB12???????????
   33   1          // GPIOB->CRH |= 0x00080000;
   34   1          //  OLED_SDA = 1;
   35   1          //  delay_us(1);
   36   1          // OLED_SCL = 1;
   37   1          // delay_us(50000);
   38   1          /*  while(1)
   39   1              {
   40   1                  if(!OLED_SDA)                               //?ж?????????OLED ??????
   41   1                  {
   42   1                      //GPIOB->CRH &= 0XFFF0FFFF;     //????PB12??????????????
   43   1                      //GPIOB->CRH |= 0x00030000;
   44   1                      return;
   45   1                  }
   46   1              }
   47   1          */
   48   1          OLED_SCLK_Set();
   49   1          OLED_SCLK_Clr();
   50   1      }
   51          /**********************************************
   52          // IIC Write byte
   53          **********************************************/
   54          void Write_IIC_Byte(unsigned char IIC_Byte)
   55          {
   56   1          unsigned char i;
   57   1          unsigned char m, da;
C251 COMPILER V5.60.0,  iic_oled                                                           17/08/24  10:34:33  PAGE 2   

   58   1          da = IIC_Byte;
   59   1          OLED_SCLK_Clr();
   60   1          for (i = 0; i < 8; i++)
   61   1          {
   62   2              m = da;
   63   2              //      OLED_SCLK_Clr();
   64   2              m = m & 0x80;
   65   2              if (m == 0x80)
   66   2              {
   67   3                  OLED_SDIN_Set();
   68   3              }
   69   2              else
   70   2                  OLED_SDIN_Clr();
   71   2              da = da << 1;
   72   2              OLED_SCLK_Set();
   73   2              OLED_SCLK_Clr();
   74   2          }
   75   1      }
   76          /**********************************************
   77          // IIC Write Command
   78          **********************************************/
   79          void Write_IIC_Command(unsigned char IIC_Command)
   80          {
   81   1          IIC_Start();
   82   1          Write_IIC_Byte(0x78); // Slave address,SA0=0
   83   1          IIC_Wait_Ack();
   84   1          Write_IIC_Byte(0x00); // write command
   85   1          IIC_Wait_Ack();
   86   1          Write_IIC_Byte(IIC_Command);
   87   1          IIC_Wait_Ack();
   88   1          IIC_Stop();
   89   1      }
   90          /**********************************************
   91          // IIC Write Data
   92          **********************************************/
   93          void Write_IIC_Data(unsigned char IIC_Data)
   94          {
   95   1          IIC_Start();
   96   1          Write_IIC_Byte(0x78); // D/C#=0; R/W#=0
   97   1          IIC_Wait_Ack();
   98   1          Write_IIC_Byte(0x40); // write data
   99   1          IIC_Wait_Ack();
  100   1          Write_IIC_Byte(IIC_Data);
  101   1          IIC_Wait_Ack();
  102   1          IIC_Stop();
  103   1      }
  104          void OLED_WR_Byte(unsigned dat, unsigned cmd)
  105          {
  106   1          if (cmd)
  107   1          {
  108   2      
  109   2              Write_IIC_Data(dat);
*** WARNING C188 IN LINE 109 OF ..\CODE\iic_oled.c: 'parameter 1': value truncated
  110   2          }
  111   1          else
  112   1          {
  113   2              Write_IIC_Command(dat);
*** WARNING C188 IN LINE 113 OF ..\CODE\iic_oled.c: 'parameter 1': value truncated
  114   2          }
  115   1      }
  116          
  117          /********************************************
  118          // fill_Picture
  119          ********************************************/
  120          void fill_picture(unsigned char fill_Data)
  121          {
C251 COMPILER V5.60.0,  iic_oled                                                           17/08/24  10:34:33  PAGE 3   

  122   1          unsigned char m, n;
  123   1          for (m = 0; m < 8; m++)
  124   1          {
  125   2              OLED_WR_Byte(0xb0 + m, 0); // page0-page1
  126   2              OLED_WR_Byte(0x00, 0);     // low column start address
  127   2              OLED_WR_Byte(0x10, 0);     // high column start address
  128   2              for (n = 0; n < 128; n++)
  129   2              {
  130   3                  OLED_WR_Byte(fill_Data, 1);
  131   3              }
  132   2          }
  133   1      }
  134          
  135          /***********************Delay****************************************/
  136          void Delay_50ms(unsigned int Del_50ms)
  137          {
  138   1          unsigned int m;
  139   1          for (; Del_50ms > 0; Del_50ms--)
  140   1              for (m = 6245; m > 0; m--)
  141   1                  ;
  142   1      }
  143          
  144          void Delay_1ms(unsigned int Del_1ms)
  145          {
  146   1          unsigned char j;
  147   1          while (Del_1ms--)
  148   1          {
  149   2              for (j = 0; j < 123; j++)
  150   2                  ;
  151   2          }
  152   1      }
  153          
  154          // 设定起始坐标点
  155          void MyOLED_Set_Pos(uint8  x, uint8  y)
  156          {
  157   1          OLED_WR_Byte(0xb0 + y, OLED_CMD);
  158   1          OLED_WR_Byte(((x & 0xf0) >> 4) | 0x10, OLED_CMD);
  159   1          OLED_WR_Byte((x & 0x0f), OLED_CMD);
  160   1      }
  161          
  162          // 将OLED从休眠中唤醒
  163          void OLED_Display_On(void)
  164          {
  165   1          OLED_WR_Byte(0X8D, OLED_CMD); // SET DCDC????
  166   1          OLED_WR_Byte(0X14, OLED_CMD); // DCDC ON
  167   1          OLED_WR_Byte(0XAF, OLED_CMD); // DISPLAY ON
  168   1      }
  169          // 让OLED休眠 -- 休眠模式下,OLED功耗不到10uA
  170          void OLED_Display_Off(void)
  171          {
  172   1          OLED_WR_Byte(0X8D, OLED_CMD); // SET DCDC????
  173   1          OLED_WR_Byte(0X10, OLED_CMD); // DCDC OFF
  174   1          OLED_WR_Byte(0XAE, OLED_CMD); // DISPLAY OFF
  175   1      }
  176          // OLED清屏
  177          void OLED_Clear(void)
  178          {
  179   1          uint8 i, n;
  180   1          for (i = 0; i < 8; i++)
  181   1          {
  182   2              OLED_WR_Byte(0xb0 + i, OLED_CMD); 
  183   2              OLED_WR_Byte(0x00, OLED_CMD);    
  184   2              OLED_WR_Byte(0x10, OLED_CMD);     
  185   2              for (n = 0; n < 128; n++)
  186   2                  OLED_WR_Byte(0, OLED_DATA);
  187   2          } 
C251 COMPILER V5.60.0,  iic_oled                                                           17/08/24  10:34:33  PAGE 4   

  188   1      }
  189          void OLED_On(void)
  190          {
  191   1          uint8 i, n;
  192   1          for (i = 0; i < 8; i++)
  193   1          {
  194   2              OLED_WR_Byte(0xb0 + i, OLED_CMD); 
  195   2              OLED_WR_Byte(0x00, OLED_CMD);   
  196   2              OLED_WR_Byte(0x10, OLED_CMD);    
  197   2              for (n = 0; n < 128; n++)
  198   2                  OLED_WR_Byte(1, OLED_DATA);
  199   2          } 
  200   1      }
  201          // OLED 显示字符
  202          // x:   行坐标 0~127
  203          // y:   列坐标 0~63
  204          // chr：ASCLL字符
  205          // size:字符大小 16或12
  206          void OLED_ShowChar(uint8 x, uint8 y, uint8 chr, uint8 Char_Size)
  207          {
  208   1          unsigned char c = 0, i = 0;
  209   1          c = chr - ' '; 
  210   1          if (x > Max_Column - 1)
  211   1          {
  212   2              x = 0;
  213   2              y = y + 2;
  214   2          }
  215   1          if (Char_Size == 16)
  216   1          {
  217   2              MyOLED_Set_Pos(x, y);
  218   2              for (i = 0; i < 8; i++)
  219   2                  OLED_WR_Byte(oled_8x16[c * 16 + i], OLED_DATA);
  220   2              MyOLED_Set_Pos(x, y + 1);
*** WARNING C188 IN LINE 220 OF ..\CODE\iic_oled.c: 'parameter 2': value truncated
  221   2              for (i = 0; i < 8; i++)
  222   2                  OLED_WR_Byte(oled_8x16[c * 16 + i + 8], OLED_DATA);
  223   2          }
  224   1          else
  225   1          {
  226   2              MyOLED_Set_Pos(x, y);
  227   2              for (i = 0; i < 6; i++)
  228   2                  OLED_WR_Byte(oled_6x8[c][i], OLED_DATA);
  229   2          }
  230   1      }
  231          static uint32 oled_pow(uint8 m, uint8 n)
  232          {
  233   1          uint32 result = 1;
  234   1          while (n--)
  235   1              result *= m;
  236   1          return result;
  237   1      }
  238          // OLED显示数字
  239          // x:   行坐标 0~127
  240          // y:   列坐标 0~63
  241          // num：数字内容
  242          // len：数字长度
  243          // size:字符大小 16或12
  244          void OLED_ShowNumber(uint8 x, uint8 y, uint8 num, uint8 len, uint8 size)
  245          {
  246   1          uint8 t, temp;
  247   1          uint8 enshow = 0;
  248   1          for (t = 0; t < len; t++)
  249   1          {
  250   2              temp = (num / oled_pow(10, len - t - 1)) % 10;
*** WARNING C188 IN LINE 250 OF ..\CODE\iic_oled.c: 'parameter 2': value truncated
  251   2              if (enshow == 0 && t < (len - 1))
C251 COMPILER V5.60.0,  iic_oled                                                           17/08/24  10:34:33  PAGE 5   

  252   2              {
  253   3                  if (temp == 0)
  254   3                  {
  255   4                      OLED_ShowChar(x + (size / 2) * t, y, ' ', size);
*** WARNING C188 IN LINE 255 OF ..\CODE\iic_oled.c: 'parameter 1': value truncated
  256   4                      continue;
  257   4                  }
  258   3                  else
  259   3                      enshow = 1;
  260   3              }
  261   2              OLED_ShowChar(x + (size / 2) * t, y, temp + '0', size);
*** WARNING C188 IN LINE 261 OF ..\CODE\iic_oled.c: 'parameter 1': value truncated
*** WARNING C188 IN LINE 261 OF ..\CODE\iic_oled.c: 'parameter 3': value truncated
  262   2          }
  263   1      }
  264          // OLED显示字符串
  265          // x:   行坐标 0~127
  266          // y:   列坐标 0~63
  267          // chr：ASCLL字符串
  268          // size:字符大小 16或12
  269          void OLED_ShowString(uint8 x, uint8 y, char *chr, uint8 Char_Size)
  270          {
  271   1          unsigned char j = 0;
  272   1          while (chr[j] != '\0')
  273   1          {
  274   2              OLED_ShowChar(x, y, chr[j], Char_Size);
  275   2              x += 8;
  276   2              if (x > 120)
  277   2              {
  278   3                  x = 0;
  279   3                  y += 2;
  280   3              }
  281   2              j++;
  282   2          }
  283   1      }
  284          // OLED显示汉字
  285          // x:   行坐标
  286          // y:   列坐标 
  287          // no： 汉字序号（Hzk[]中）
  288          void OLED_ShowCHinese(uint8 x, uint8 y)//, uint8 no
  289          {
  290   1          uint8 t, adder = 0;
  291   1          MyOLED_Set_Pos(x, y);
  292   1          for (t = 0; t < 16; t++)
  293   1          {
  294   2              // OLED_WR_Byte(Hzk[2 * no][t], OLED_DATA);
  295   2              adder += 1;
  296   2          }
  297   1          MyOLED_Set_Pos(x, y + 1);
*** WARNING C188 IN LINE 297 OF ..\CODE\iic_oled.c: 'parameter 2': value truncated
  298   1          for (t = 0; t < 16; t++)
  299   1          {
  300   2              // OLED_WR_Byte(Hzk[2 * no + 1][t], OLED_DATA);
  301   2              adder += 1;
  302   2          }
  303   1      }
  304          // OLED显示图片
  305          // x0:   行起始坐标
  306          // y0:   列起始坐标 
  307          // x1:   行终止坐标
  308          // y1:   列终止坐标 
  309          // BMP： 图片内容
  310          void OLED_DrawBMP(unsigned char x0, unsigned char y0, unsigned char x1, unsigned char y1, unsigned char B
             -MP[])
  311          {
  312   1          unsigned int j = 0;
C251 COMPILER V5.60.0,  iic_oled                                                           17/08/24  10:34:33  PAGE 6   

  313   1          unsigned char x, y;
  314   1      
  315   1          if (y1 % 8 == 0)
*** WARNING C173 IN LINE 315 OF ..\CODE\iic_oled.c: '==': signed/unsigned type mismatch
  316   1              y = y1 / 8;
  317   1          else
  318   1              y = y1 / 8 + 1;
  319   1          for (y = y0; y < y1; y++)
  320   1          {
  321   2              MyOLED_Set_Pos(x0, y);
  322   2              for (x = x0; x < x1; x++)
  323   2              {
  324   3                  OLED_WR_Byte(BMP[j++], OLED_DATA);
  325   3              }
  326   2          }
  327   1      }
  328          
  329          // OLED 初始化
  330          void MyOLED_Init(void)
  331          {
  332   1          gpio_mode(P25,GPO_PP);
  333   1          gpio_mode(P24,GPO_PP);
  334   1      
  335   1              // delay_ms(800);
  336   1          OLED_WR_Byte(0xAE, OLED_CMD); //--display off
  337   1          OLED_WR_Byte(0x00, OLED_CMD); //---set low column address
  338   1          OLED_WR_Byte(0x10, OLED_CMD); //---set high column address
  339   1          OLED_WR_Byte(0x40, OLED_CMD); //--set start line address
  340   1          OLED_WR_Byte(0xB0, OLED_CMD); //--set page address
  341   1          OLED_WR_Byte(0x81, OLED_CMD); // contract control
  342   1          OLED_WR_Byte(0xFF, OLED_CMD); //--128
  343   1          OLED_WR_Byte(0xA1, OLED_CMD); // set segment remap
  344   1          OLED_WR_Byte(0xA6, OLED_CMD); //--normal / reverse
  345   1          OLED_WR_Byte(0xA8, OLED_CMD); //--set multiplex ratio(1 to 64)
  346   1          OLED_WR_Byte(0x3F, OLED_CMD); //--1/32 duty
  347   1          OLED_WR_Byte(0xC8, OLED_CMD); // Com scan direction
  348   1          OLED_WR_Byte(0xD3, OLED_CMD); //-set display offset
  349   1          OLED_WR_Byte(0x00, OLED_CMD); //
  350   1      
  351   1          OLED_WR_Byte(0xD5, OLED_CMD); // set osc division
  352   1          OLED_WR_Byte(0x80, OLED_CMD); //
  353   1      
  354   1          OLED_WR_Byte(0xD8, OLED_CMD); // set area color mode off
  355   1          OLED_WR_Byte(0x05, OLED_CMD); //
  356   1      
  357   1          OLED_WR_Byte(0xD9, OLED_CMD); // Set Pre-Charge Period
  358   1          OLED_WR_Byte(0xF1, OLED_CMD); //
  359   1      
  360   1          OLED_WR_Byte(0xDA, OLED_CMD); // set com pin configuartion
  361   1          OLED_WR_Byte(0x12, OLED_CMD); //
  362   1      
  363   1          OLED_WR_Byte(0xDB, OLED_CMD); // set Vcomh
  364   1          OLED_WR_Byte(0x30, OLED_CMD); //
  365   1      
  366   1          OLED_WR_Byte(0x8D, OLED_CMD); // set charge pump enable
  367   1          OLED_WR_Byte(0x14, OLED_CMD); //
  368   1      
  369   1          OLED_WR_Byte(0xAF, OLED_CMD); //--turn on oled panel
  370   1      
  371   1      }


Module Information          Static   Overlayable
------------------------------------------------
  code size            =      2169     ------
  ecode size           =    ------     ------
  data size            =    ------     ------
C251 COMPILER V5.60.0,  iic_oled                                                           17/08/24  10:34:33  PAGE 7   

  idata size           =    ------     ------
  pdata size           =    ------     ------
  xdata size           =    ------     ------
  xdata-const size     =    ------     ------
  edata size           =        70     ------
  bit size             =    ------     ------
  ebit size            =    ------     ------
  bitaddressable size  =    ------     ------
  ebitaddressable size =    ------     ------
  far data size        =    ------     ------
  huge data size       =    ------     ------
  const size           =    ------     ------
  hconst size          =    ------     ------
End of Module Information.


C251 COMPILATION COMPLETE.  9 WARNING(S),  0 ERROR(S)
