C251 COMPILER V5.60.0,  IPS114                                                             21/08/24  21:41:51  PAGE 1   


C251 COMPILER V5.60.0, COMPILATION OF MODULE IPS114
OBJECT MODULE PLACED IN .\Out_File\IPS114.obj
COMPILER INVOKED BY: C:\Keil_v5\C251\BIN\C251.EXE ..\CODE\IPS114.c XSMALL WARNINGLEVEL(3) OPTIMIZE(0,SPEED) BROWSE INCDI
                    -R(..\..\Libraries\libraries;..\..\Libraries\seekfree_libraries;..\..\Libraries\seekfree_peripheral;..\CODE;..\USER\inc;.
                    -.\USER\src;..\..\Libraries\seekfree_components) DEBUG PRINT(.\Out_File\IPS114.lst) TABS(2) OBJECT(.\Out_File\IPS114.obj)
                    - 

stmt  level    source

    1          #include "headfile.h"
    2          
    3          uint8 cls_flag=0;
    4          
    5          void IPS114Init()
    6          {
    7   1        ips114_init();
    8   1        ips114_clear(WHITE);
    9   1        delay_us(5);
   10   1        ips114_clear(WHITE);
   11   1        delay_us(5);
   12   1      }
   13          void ips114_show()
   14          {
   15   1        if(cls_flag==0)     
   16   1        {
   17   2         ips114_init();
   18   2         cls_flag=1;
   19   2        }
   20   1        if(ips114_show_flag==0)   
   21   1        {
   22   2          ips114_showstr(8,0," start ");
   23   2          ips114_showstr(8,1,"  pid  ");
   24   2          ips114_showstr(8,2,"  ccd  ");
   25   2          ips114_showstr(8,3,"element");  
   26   2          
   27   2          ips114_showfloat(8,4,distance_L,3,1);
   28   2          ips114_showfloat(8,5,distance_R,3,1); 
   29   2          ips114_showfloat(8,6,encoder_L,3,1);
   30   2          ips114_showfloat(8,7,encoder_R,3,1);
   31   2          
   32   2          ips114_showfloat(8,8,Desire_Speed,3,1); 
   33   2          ips114_showfloat(8,9,Angle_gz,3,1);
   34   2          ips114_showfloat(8,10,zebra_1,4,1); 
   35   2          ips114_showfloat(8,11,SERVO_duty,4,1);
   36   2          
   37   2          ips114_showfloat(8,12,Motor_Pid.speed_L,4,1);
   38   2          ips114_showfloat(8,13,Motor_Pid.speed_R,4,1);     
   39   2        }
   40   1        
   41   1        if(ips114_show_flag==100)ips114_show_start();
   42   1        if(ips114_show_flag==1)ips114_show_pid(); 
   43   1        if(ips114_show_flag==2)ips114_show_ccd();
   44   1        if(ips114_show_flag==3)ips114_show_element();
   45   1        
   46   1        if(ips114_show_element_flag==1)ips114_show_Ring();
   47   1        if(ips114_show_element_flag==2)ips114_show_Ramp();
   48   1        if(ips114_show_element_flag==3)ips114_show_Cross();
   49   1        
   50   1        if(ips114_show_ring_flag==1)ips114_Ring_num();
   51   1        if(ips114_show_ring_flag==2)ips114_Ring_Can();
   52   1        if(ips114_show_ring_flag==3)ips114_Ring_50();
   53   1        if(ips114_show_ring_flag==4)ips114_Ring_60();
   54   1        if(ips114_show_ring_flag==5)ips114_Ring_90();
   55   1      }
   56          void ips114_show_start()
C251 COMPILER V5.60.0,  IPS114                                                             21/08/24  21:41:51  PAGE 2   

   57          {
   58   1        ips114_showstr(8,0," start1 ");
   59   1      }
   60          void ips114_show_pid()
   61          {
   62   1        ips114_showstr(8,0," KP ");
   63   1        ips114_showstr(8,1," KD ");
   64   1        ips114_showstr(8,2," SD ");
   65   1        ips114_showstr(8,3," CS ");
   66   1        
   67   1        ips114_showstr(8,4,"DUTY");
   68   1        ips114_showstr(8,5,"DUer");
   69   1        
   70   1        ips114_showstr(8,6,"Z-SP");
   71   1        ips114_showstr(8,7,"W-SP");
   72   1        
   73   1        ips114_showstr(8,8,"M-LI");
   74   1        ips114_showstr(8,9,"M-LP");
   75   1        ips114_showstr(8,10,"M-RI");
   76   1        ips114_showstr(8,11,"M-RP");
   77   1        
   78   1        ips114_showfloat(40,0,Pid.z_p,2,3);
   79   1        ips114_showfloat(40,1,Pid.z_d,2,3);
   80   1        ips114_showfloat(40,2,Motor_Pid_speed_Z,3,1);
   81   1        ips114_showfloat(40,3,Motor_Pid.Dif_P,1,5);
   82   1        
   83   1        ips114_showfloat(40,4,duty_pwm,4,1);
   84   1        ips114_showfloat(40,5,duty_pwm_error,4,1);
   85   1        
   86   1        ips114_showfloat(40,6,Linear_speed,3,1);
   87   1        ips114_showfloat(40,7,Curve_speed,3,1);
   88   1        
   89   1        ips114_showfloat(40,8,Motor_Pid.L_Ki,2,3);
   90   1        ips114_showfloat(40,9,Motor_Pid.L_Kp,3,3);
   91   1        ips114_showfloat(40,10,Motor_Pid.R_Ki,2,3);
   92   1        ips114_showfloat(40,11,Motor_Pid.R_Kp,3,3);
   93   1      }
   94          void ips114_show_ccd()
   95          {
   96   1        ips114_showfloat(8,0,Threshold_multiple_1,2,1);
   97   1        ips114_showfloat(8,1,Threshold_1,3,1);
   98   1        ips114_showfloat(8,2,Trk.Width1,3,1);
   99   1        ips114_showfloat(8,3,CCD1.max,3,1);
  100   1        ips114_showfloat(8,4,Trk.left_qulu,3,1);
  101   1        
  102   1        ips114_showfloat(64,0,Trk.left_sideline1,3,1);
  103   1        ips114_showfloat(64,1,Trk.right_sideline1,3,1);
  104   1        ips114_showfloat(64,2,Trk.middle_sideline1,3,1);
  105   1        ips114_showfloat(64,3,CCD1.min,3,1);
  106   1        ips114_showfloat(64,4,CCD1.threshold,3,1);
  107   1        
  108   1        ips114_showfloat(8,5,Threshold_multiple_2,2,1);
  109   1        ips114_showfloat(8,6,Threshold_2,3,1);
  110   1        ips114_showfloat(8,7,Trk.Width2,3,1);
  111   1        ips114_showfloat(8,8,CCD2.max,3,1);
  112   1        ips114_showfloat(8,9,Trk.right_qulu,3,1);
  113   1        
  114   1        ips114_showfloat(64,5,Trk.left_sideline2,3,1);
  115   1        ips114_showfloat(64,6,Trk.right_sideline2,3,1);
  116   1        ips114_showfloat(64,7,Trk.middle_sideline2,3,1);
  117   1        ips114_showfloat(64,8,CCD2.min,3,1);
  118   1        ips114_showfloat(64,9,CCD2.threshold,3,1);
  119   1      
  120   1        for(i=0;i<128;i++)
  121   1        {
  122   2          if(i<=Trk.left_sideline1 || i>=Trk.right_sideline1 || i==Trk.middle_sideline1)// 
C251 COMPILER V5.60.0,  IPS114                                                             21/08/24  21:41:51  PAGE 3   

  123   2          {
  124   3            ips114_drawpoint(i+1,200,BLACK);
  125   3          }
  126   2          else ips114_drawpoint(i+1,200,WHITE);
  127   2          
  128   2          if(i<=Trk.left_sideline2 || i>=Trk.right_sideline2 || i==Trk.middle_sideline2)
  129   2          {
  130   3            ips114_drawpoint(i+1,220,BLACK);
  131   3          }
  132   2          else ips114_drawpoint(i+1,220,WHITE);
  133   2        }
  134   1      } 
  135          void ips114_show_element()
  136          {
  137   1        ips114_showstr(8,0," Ring ");
  138   1        ips114_showstr(8,1," Ramp");
  139   1        ips114_showstr(8,2," Cross");
  140   1      
  141   1        ips114_showfloat(72,0,Ring_state,1,1);
  142   1        ips114_showfloat(72,1,Ramp_flag,1,1);
  143   1        ips114_showfloat(72,2,Cross_flag,1,1);
  144   1      }
  145          void ips114_show_Ring()
  146          {
  147   1        ips114_showstr(8,0,"Ring-num");
  148   1        ips114_showstr(8,1,"Ring   ");
  149   1        ips114_showstr(8,2,"Ring-50");
  150   1        ips114_showstr(8,3,"Ring-60");
  151   1        ips114_showstr(8,4,"Ring-90");
  152   1        
  153   1      }
  154          void ips114_Ring_num()
  155          { 
  156   1        ips114_showstr(8,0,"Ring_num");
  157   1        ips114_showstr(8,1,"Ring_flag");
  158   1        ips114_showstr(8,2,"Ring_flag");
  159   1        ips114_showstr(8,3,"Ring_flag");
  160   1        ips114_showstr(8,4,"Ring_flag");
  161   1        
  162   1        ips114_showfloat(80,0,Ring_num,1,1);
  163   1        
  164   1        ips114_showfloat(80,1,Ring_flag[0],1,1);
  165   1        if(Ring_flag[0]==0)ips114_showstr(120,1," ");
  166   1        if(Ring_flag[0]==1)ips114_showstr(120,1,"5");
  167   1        if(Ring_flag[0]==2)ips114_showstr(120,1,"6");
  168   1        if(Ring_flag[0]==3)ips114_showstr(120,1,"9");
  169   1        
  170   1        ips114_showfloat(80,2,Ring_flag[1],1,1);
  171   1        if(Ring_flag[1]==0)ips114_showstr(120,2," ");
  172   1        if(Ring_flag[1]==1)ips114_showstr(120,2,"5");
  173   1        if(Ring_flag[1]==2)ips114_showstr(120,2,"6");
  174   1        if(Ring_flag[1]==3)ips114_showstr(120,2,"9");
  175   1        
  176   1        ips114_showfloat(80,3,Ring_flag[2],1,1);
  177   1        if(Ring_flag[2]==0)ips114_showstr(120,3," ");
  178   1        if(Ring_flag[2]==1)ips114_showstr(120,3,"5");
  179   1        if(Ring_flag[2]==2)ips114_showstr(120,3,"6");
  180   1        if(Ring_flag[2]==3)ips114_showstr(120,3,"9");
  181   1        
  182   1        ips114_showfloat(80,4,Ring_flag[3],1,1);
  183   1        if(Ring_flag[3]==0)ips114_showstr(120,4," ");
  184   1        if(Ring_flag[3]==1)ips114_showstr(120,4,"5");
  185   1        if(Ring_flag[3]==2)ips114_showstr(120,4,"6");
  186   1        if(Ring_flag[3]==3)ips114_showstr(120,4,"9");
  187   1        
  188   1      }
C251 COMPILER V5.60.0,  IPS114                                                             21/08/24  21:41:51  PAGE 4   

  189          void ips114_Ring_Can()
  190          {
  191   1        ips114_showstr(8,0,"F_R_ql  ");
  192   1        ips114_showstr(8,1,"F_R_side");
  193   1        ips114_showstr(8,2,"R_I_R_en");
  194   1        ips114_showstr(8,3,"R_I_R_si");
  195   1        ips114_showstr(8,4,"I_R_en  ");
  196   1        ips114_showstr(8,5,"R_O_R_an");
  197   1        ips114_showstr(8,6,"O_R_an  ");
  198   1        ips114_showstr(8,7,"N_R_en  ");
  199   1        
  200   1      
  201   1        ips114_showfloat(72,0,Find_Ring_qulv,2,1);
  202   1        ips114_showfloat(72,1,Fing_Ring_sideline,2,1);
  203   1        ips114_showfloat(72,2,Ready_In_Ring_encoder,2,1);
  204   1        ips114_showfloat(72,3,Ready_In_Ring_sideline,2,1);
  205   1        ips114_showfloat(72,4,In_Ring_encoder,2,1);
  206   1        ips114_showfloat(72,5,Ready_Out_Ring_angle,3,1);
  207   1        ips114_showfloat(72,6,Out_Ring_angle,3,1);
  208   1        ips114_showfloat(72,7,No_Ring_encoder,3,1);
  209   1      }
  210          void ips114_Ring_50()
  211          {
  212   1        ips114_showstr(8,0,"R_50_P");
  213   1        ips114_showstr(8,1,"R_50_D");
  214   1        ips114_showstr(8,2,"R_I_50_S");
  215   1        ips114_showstr(8,3,"I_50_SPE");
  216   1        ips114_showstr(8,4,"R_O_50_S");
  217   1        
  218   1        ips114_showfloat(72,0,Pid.R_50_P,2,3);
  219   1        ips114_showfloat(72,1,Pid.R_50_D,2,3);
  220   1        
  221   1        ips114_showfloat(72,2,Ready_In_50_Ring_speed,3,1);
  222   1        ips114_showfloat(72,3,In_50_Ring_speed,3,1);
  223   1        ips114_showfloat(72,4,Ready_Out_50_Ring_speed,3,1);
  224   1        
  225   1      
  226   1      }
  227          void ips114_Ring_60()
  228          {
  229   1        ips114_showstr(8,0,"R_60_P");
  230   1        ips114_showstr(8,1,"R_60_D");
  231   1        ips114_showstr(8,2,"R_I_60_S");
  232   1        ips114_showstr(8,3,"I_60_SPE");
  233   1        ips114_showstr(8,4,"R_O_60_S");
  234   1        
  235   1        ips114_showfloat(72,0,Pid.R_60_P,2,3);
  236   1        ips114_showfloat(72,1,Pid.R_60_D,2,3);
  237   1        
  238   1        ips114_showfloat(72,2,Ready_In_60_Ring_speed,3,1);
  239   1        ips114_showfloat(72,3,In_60_Ring_speed,3,1);
  240   1        ips114_showfloat(72,4,Ready_Out_60_Ring_speed,3,1);
  241   1        
  242   1      }
  243          void ips114_Ring_90()
  244          {
  245   1        ips114_showstr(8,0,"R_90_P");
  246   1        ips114_showstr(8,1,"R_90_D");
  247   1        ips114_showstr(8,2,"R_I_90_S");
  248   1        ips114_showstr(8,3,"I_90_SPE");
  249   1        ips114_showstr(8,4,"R_O_90_S");
  250   1        
  251   1        ips114_showfloat(72,0,Pid.R_90_P,2,3);
  252   1        ips114_showfloat(72,1,Pid.R_90_D,2,3);
  253   1      
  254   1        ips114_showfloat(72,2,Ready_In_90_Ring_speed,3,1);
C251 COMPILER V5.60.0,  IPS114                                                             21/08/24  21:41:51  PAGE 5   

  255   1        ips114_showfloat(72,3,In_90_Ring_speed,3,1);
  256   1        ips114_showfloat(72,4,Ready_Out_90_Ring_speed,3,1);
  257   1      }
  258          void ips114_show_Ramp()
  259          {
  260   1        ips114_showstr(8,0,"U_R_spe");
  261   1        ips114_showstr(8,1,"O_R_spe");
  262   1        
  263   1        ips114_showstr(8,2,"F_R_dis ");
  264   1        ips114_showstr(8,3,"F_R_wid1");
  265   1        ips114_showstr(8,4,"F_R_wid2");
  266   1        ips114_showstr(8,5,"F_R_qulv");
  267   1        ips114_showstr(8,6,"U_R_en ");
  268   1        ips114_showstr(8,7,"O_R_en ");
  269   1      
  270   1        ips114_showfloat(72,0,Up_Ramp_speed,3,1);
  271   1        ips114_showfloat(72,1,Out_Ramp_speed,3,1);
  272   1        
  273   1        ips114_showfloat(72,2,Find_Ramp_dis,2,1);
  274   1        ips114_showfloat(72,3,Find_Ramp_width1,2,1);
  275   1        ips114_showfloat(72,4,Find_Ramp_width2,2,1);
  276   1        ips114_showfloat(72,5,Find_Ramp_qulv,2,1);
  277   1        ips114_showfloat(72,6,Up_Ramp_encoder,3,1);
  278   1        ips114_showfloat(72,7,Out_Ramp_encoder,3,1);
  279   1      }
  280          void ips114_show_Cross()
  281          {
  282   1        ips114_showstr(8,0,"O_C_en ");
  283   1        ips114_showstr(8,1,"O_Z_en ");
  284   1        
  285   1        ips114_showfloat(72,0,Cross_encoder,2,1);
  286   1        ips114_showfloat(72,1,Out_Zebra_encoder,3,1);
  287   1      }


Module Information          Static   Overlayable
------------------------------------------------
  code size            =      4805     ------
  ecode size           =    ------     ------
  data size            =    ------     ------
  idata size           =    ------     ------
  pdata size           =    ------     ------
  xdata size           =    ------     ------
  xdata-const size     =    ------     ------
  edata size           =         1     ------
  bit size             =    ------     ------
  ebit size            =    ------     ------
  bitaddressable size  =    ------     ------
  ebitaddressable size =    ------     ------
  far data size        =    ------     ------
  huge data size       =    ------     ------
  const size           =    ------     ------
  hconst size          =       473     ------
End of Module Information.


C251 COMPILATION COMPLETE.  0 WARNING(S),  0 ERROR(S)
