C251 COMPILER V5.60.0,  motor                                                              21/08/24  21:41:51  PAGE 1   


C251 COMPILER V5.60.0, COMPILATION OF MODULE motor
OBJECT MODULE PLACED IN .\Out_File\motor.obj
COMPILER INVOKED BY: C:\Keil_v5\C251\BIN\C251.EXE ..\CODE\motor.c XSMALL WARNINGLEVEL(3) OPTIMIZE(0,SPEED) BROWSE INCDIR
                    -(..\..\Libraries\libraries;..\..\Libraries\seekfree_libraries;..\..\Libraries\seekfree_peripheral;..\CODE;..\USER\inc;..
                    -\USER\src;..\..\Libraries\seekfree_components) DEBUG PRINT(.\Out_File\motor.lst) TABS(2) OBJECT(.\Out_File\motor.obj) 

stmt  level    source

    1          #include "headfile.h"
    2          
    3          /***************Motor_Control************/
    4          uint8 stop_flag=0;
    5          uint8 block_time=0; //¶Â×ªÊ±¼ä¼ÇÂ¼
    6          uint8 stop_time=0;
    7          /***************Motor_Control************/
    8          uint8 start1=0;
    9          int16 PWM_L=0,PWM_R=0;
   10          /*************Incremental_PI************/
   11          int16 Motor_error_L=0,Motor_last_error_L=0;
   12          int16 Motor_error_R=0,Motor_last_error_R=0;
   13          MOTOR_PID Motor_Pid;
   14          /**************UIµ÷½ÚµÄËÙ¶È»·²ÎÊý************/
   15          float Desire_Speed=0;
   16          int16 Motor_Pid_speed_Z=0; //uiµ÷½ÚµÄËÙ
   17          
   18          int16 Motor_Pid_Z_L_Ki= 0;
   19          int16 Motor_Pid_Z_L_Kp= 0;
   20          int16 Motor_Pid_Z_R_Ki= 0;
   21          int16 Motor_Pid_Z_R_Kp= 0;
   22          
   23          //²îËÙ1
   24          int16 Motor_Pid_Dif_P=0;
   25          //Ö±µÀÍäµÀËÙ¶È
   26          int16 Linear_speed=0;//Ö±µÀËÙ¶È
   27          int16 Curve_speed=0; //ÍäµÀËÙ¶È
   28          //ÆÂµÀËÙ¶È
   29          int16 Up_Ramp_speed=0;//ÉÏÆÂËÙ¶È
   30          int16 Out_Ramp_speed=0;//ÏÂÆÂËÙ¶È
   31          //»·µºËÙ¶È
   32          uint8 Ring_Speed=0;
   33          
   34          int16 Ready_In_50_Ring_speed=0;
   35          int16 In_50_Ring_speed=0;
   36          int16 Ready_Out_50_Ring_speed=0;
   37          
   38          int16 Ready_In_60_Ring_speed=0;
   39          int16 In_60_Ring_speed=0;
   40          int16 Ready_Out_60_Ring_speed=0;
   41          
   42          int16 Ready_In_90_Ring_speed=0;
   43          int16 In_90_Ring_speed=0;
   44          int16 Ready_Out_90_Ring_speed=0;
   45          
   46          void Motor_PID_subsection()
   47          {
   48   1        Motor_Pid.L_Ki=0.01*Motor_Pid_Z_L_Ki;   
   49   1        Motor_Pid.L_Kp=0.1*Motor_Pid_Z_L_Kp;  
   50   1        Motor_Pid.R_Ki=0.01*Motor_Pid_Z_R_Ki; 
   51   1        Motor_Pid.R_Kp=0.1*Motor_Pid_Z_R_Kp; 
   52   1      
   53   1        Motor_Pid.speed=1.0*Desire_Speed;
   54   1        
   55   1        Motor_Pid.Dif_P=0.00001*Motor_Pid_Dif_P;
   56   1      }
   57          void Motor_Pid_init()
C251 COMPILER V5.60.0,  motor                                                              21/08/24  21:41:51  PAGE 2   

   58          {
   59   1        Motor_Pid.speed=0.0;
   60   1      
   61   1        Motor_Pid.speed_L=0.0;
   62   1        Motor_Pid.speed_R=0.0;
   63   1      
   64   1        Motor_Pid.L_Ki=0.0;    
   65   1        Motor_Pid.L_Kp=0.0;  
   66   1        Motor_Pid.R_Ki=0.0;  
   67   1        Motor_Pid.R_Kp=0.0;  
   68   1        
   69   1        Motor_Pid.Dif_Speed=0.0;
   70   1      }
   71          
   72          void Motor_Control()
   73          {
   74   1        if(black_write_1==1 && black_write_2==1)
   75   1        {
   76   2          stop_time++;
   77   2        }
   78   1        else
   79   1        {
   80   2          stop_time=0;
   81   2        }
   82   1        /***************¶Â×ª±£»¤***********/
   83   1        if((encoder_L<=5&&PWM_L>9300)||(encoder_R<=5&&PWM_R>9300)&&start1==1)   //·è×ª±£»¤£¬
   84   1        {
   85   2          block_time++;
   86   2        }
   87   1        else
   88   1        {
   89   2          block_time=0;
   90   2        }
   91   1        if(block_time==4 || stop_time==8)//   
   92   1        {
   93   2          stop_flag=1;
   94   2        }
   95   1        /***********Í£³µ±£»¤************/
   96   1        if(stop_flag==1)
   97   1        {
   98   2          start1=0;
   99   2          duty_pwm_flag=0;
  100   2          Duct_stop();
  101   2        }
  102   1        
  103   1        //ËÙ¶È¾ö²ß
  104   1        Desire_Speed=Motor_Pid_speed_Z;
  105   1        
  106   1        if((encoder>Desire_Speed)&&start1==1) //»º¼õ
  107   1        {
  108   2          Motor_Pid.speed-=20;
  109   2          if(Motor_Pid.speed-Desire_Speed<20)
  110   2          {
  111   3            Motor_Pid.speed=Desire_Speed;
  112   3          }
  113   2        }
  114   1        
  115   1        if(Straight==1 && Ramp_flag==0 && Cross_flag==0 && Ring_state==0 && Ring_left==0 && Ring_right==0 && Rin
             -g_Speed==0)
  116   1        {
  117   2          Desire_Speed=Motor_Pid_speed_Z+Linear_speed;
  118   2        }
  119   1        if(curve==1 && Ramp_flag==0 && Cross_flag==0 && Ring_state==0 && Ring_left==0 && Ring_right==0 && Ring_S
             -peed==0)
  120   1        {
  121   2          Desire_Speed=Motor_Pid_speed_Z-Curve_speed;
C251 COMPILER V5.60.0,  motor                                                              21/08/24  21:41:51  PAGE 3   

  122   2        }
  123   1        
  124   1        
  125   1        if(Ramp_flag==1)Desire_Speed=Up_Ramp_speed;
  126   1        if(Ramp_flag==2)Desire_Speed=Out_Ramp_speed;
  127   1        
  128   1        if(Ring_Speed==1)Desire_Speed=Ready_In_50_Ring_speed;
  129   1        if(Ring_Speed==11)Desire_Speed=In_50_Ring_speed;
  130   1        if(Ring_Speed==12)Desire_Speed=Ready_Out_50_Ring_speed;
  131   1        
  132   1        if(Ring_Speed==2)Desire_Speed=Ready_In_60_Ring_speed;
  133   1        if(Ring_Speed==21)Desire_Speed=In_60_Ring_speed;
  134   1        if(Ring_Speed==22)Desire_Speed=Ready_Out_60_Ring_speed;
  135   1        
  136   1        if(Ring_Speed==3)Desire_Speed=Ready_In_90_Ring_speed;
  137   1        if(Ring_Speed==31)Desire_Speed=In_90_Ring_speed;
  138   1        if(Ring_Speed==32)Desire_Speed=Ready_Out_90_Ring_speed;
  139   1        
  140   1        
  141   1        //º­µÀ¹Ø±Õ
  142   1        if(Zebra_flag==2)
  143   1        {
  144   2          Desire_Speed=0;
  145   2          duty_pwm_flag=0;
  146   2          Duct_stop();
  147   2        }
  148   1        
  149   1        Motor_PID_subsection(); //ËÙ¶È»·PID¸³Öµ
  150   1        
  151   1        Motor_Pid.Dif_Speed=0.47*SERVO_duty*Motor_Pid.speed;
  152   1        
  153   1        if(SERVO_duty>=0)
  154   1        {
  155   2          Motor_Pid.speed_L=Motor_Pid.speed;
  156   2          Motor_Pid.speed_R=Motor_Pid.speed-Motor_Pid.Dif_Speed*Motor_Pid.Dif_P;
  157   2        }
  158   1        if(SERVO_duty<0)
  159   1        {
  160   2          Motor_Pid.speed_L=Motor_Pid.speed+Motor_Pid.Dif_Speed*Motor_Pid.Dif_P;
  161   2          Motor_Pid.speed_R=Motor_Pid.speed;
  162   2        }
  163   1        
  164   1        Motor_Control_L(Motor_Pid.speed_L);
  165   1        Motor_Control_R(Motor_Pid.speed_R);
  166   1      }
  167          
  168          void Motor_Control_L(int16 Example_L)  
  169          {
  170   1        if(start1==1)
  171   1        {
  172   2          Incremental_PI_L(encoder_L,Example_L);
  173   2        }
  174   1        else
  175   1        {
  176   2          PWM_L=0;
  177   2        }
  178   1        if(0<=PWM_L) //µç»ú1   Õý×ª ÉèÖÃÕ¼¿Õ±ÈÎª °Ù·ÖÖ® (9900/GTM_ATOM0_PWM_DUTY_MAX*100)
  179   1        {
  180   2          if(PWM_L>9900)
  181   2          {
  182   3            PWM_L=9900;
  183   3          }
  184   2          DIR_2 = 0;
  185   2          pwm_duty(PWM_2, PWM_L);
  186   2        }
  187   1        else                //µç»ú1   ·´×ª
C251 COMPILER V5.60.0,  motor                                                              21/08/24  21:41:51  PAGE 4   

  188   1        {
  189   2          if(PWM_L<-9900)
  190   2          {
  191   3            PWM_L=-9900;
  192   3          }
  193   2          DIR_2 = 1;
  194   2          pwm_duty(PWM_2, -PWM_L);
  195   2        }
  196   1      }  
  197          void Motor_Control_R(int16 Example_R) 
  198          {
  199   1        if(start1==1)
  200   1        {
  201   2          Incremental_PI_R(encoder_R,Example_R);
  202   2        }
  203   1        else
  204   1        {
  205   2          PWM_R=0;
  206   2        }
  207   1        if(0<=PWM_R) //µç»ú2   Õý×ª ÉèÖÃÕ¼¿Õ±ÈÎª °Ù·ÖÖ® (9900/GTM_ATOM0_PWM_DUTY_MAX*100)
  208   1        {
  209   2          if(PWM_R>9900)
  210   2          {
  211   3            PWM_R=9900;
  212   3          }
  213   2          DIR_1 = 0;
  214   2          pwm_duty(PWM_1, PWM_R);  
  215   2        }
  216   1        else                //µç»ú2   ·´×ª
  217   1        {
  218   2          if(PWM_R<-9900)
  219   2          {
  220   3            PWM_R=-9900;
  221   3          }
  222   2          DIR_1 = 1;
  223   2          pwm_duty(PWM_1, -PWM_R);  
  224   2        }
  225   1      }
  226          void Incremental_PI_L (int encoder_L,int Target_L)  //ËÙ¶È»·
  227          {   
  228   1        Motor_error_L=Target_L-encoder_L;                //Çó³öËÙ¶ÈÆ«²î£¬ÓÉ²âÁ¿Öµ¼õÈ¥Ä¿±êÖµ
  229   1        PWM_L+=Motor_Pid.L_Kp*(Motor_error_L-Motor_last_error_L)+Motor_Pid.L_Ki*Motor_error_L;   //Ê¹ÓÃÔöÁ¿ PI ¿
             -ØÖÆÆ÷Çó³öµç»ú PWM¡£
  230   1        Motor_last_error_L=Motor_error_L;                       //±£´æÉÏÒ»´ÎÆ«²î
  231   1      }
  232          
  233          void Incremental_PI_R (int encoder_R,int Target_R)
  234          {
  235   1        Motor_error_R=Target_R-encoder_R;                //Çó³öËÙ¶ÈÆ«²î£¬ÓÉ²âÁ¿Öµ¼õÈ¥Ä¿±êÖµ
  236   1        PWM_R+=Motor_Pid.R_Kp*(Motor_error_R-Motor_last_error_R)+Motor_Pid.R_Ki*Motor_error_R;   //Ê¹ÓÃÔöÁ¿ PI ¿
             -ØÖÆÆ÷Çó³öµç»ú PWM¡£
  237   1        Motor_last_error_R=Motor_error_R;                       //±£´æÉÏÒ»´ÎÆ«²î
  238   1      }


Module Information          Static   Overlayable
------------------------------------------------
  code size            =      1457     ------
  ecode size           =    ------     ------
  data size            =    ------     ------
  idata size           =    ------     ------
  pdata size           =    ------     ------
  xdata size           =    ------     ------
  xdata-const size     =    ------     ------
  edata size           =       107     ------
  bit size             =    ------     ------
  ebit size            =    ------     ------
C251 COMPILER V5.60.0,  motor                                                              21/08/24  21:41:51  PAGE 5   

  bitaddressable size  =    ------     ------
  ebitaddressable size =    ------     ------
  far data size        =    ------     ------
  huge data size       =    ------     ------
  const size           =    ------     ------
  hconst size          =       183     ------
End of Module Information.


C251 COMPILATION COMPLETE.  0 WARNING(S),  0 ERROR(S)
